// Jest Snapshot v1, https://goo.gl/fbAQLP

exports[`HeaderToolTipContent it renders the expected table content 1`] = `
<Fragment>
  <P>
    <ToolTipTableMetadata
      data-test-subj="field"
    >
      Field
      :
    </ToolTipTableMetadata>
    <ToolTipTableValue
      data-test-subj="field-value"
    >
      @timestamp
    </ToolTipTableValue>
  </P>
  <P>
    <ToolTipTableMetadata
      data-test-subj="type"
    >
      Type
      :
    </ToolTipTableMetadata>
    <ToolTipTableValue>
      <IconType
        data-test-subj="type-icon"
        type="number"
      />
      <span
        data-test-subj="type-value"
      >
        number
      </span>
    </ToolTipTableValue>
  </P>
</Fragment>
`;
