// Jest Snapshot v1, https://goo.gl/fbAQLP

exports[`POST cases Allow user to create case without authentication 1`] = `
Object {
  "closed_at": null,
  "closed_by": null,
  "comments": Array [],
  "connector": Object {
    "fields": null,
    "id": "none",
    "name": "none",
    "type": ".none",
  },
  "created_at": "2019-11-25T21:54:48.952Z",
  "created_by": Object {
    "email": null,
    "full_name": null,
    "username": null,
  },
  "description": "This is a brand new case of a bad meanie defacing data",
  "external_service": null,
  "id": "mock-it",
  "settings": Object {
    "syncAlerts": true,
  },
  "status": "open",
  "tags": Array [
    "defacement",
  ],
  "title": "Super Bad Security Issue",
  "totalComment": 0,
  "type": "individual",
  "updated_at": null,
  "updated_by": null,
  "version": "WzksMV0=",
}
`;
