// Jest Snapshot v1, https://goo.gl/fbAQLP

exports[`POST comment Allow user to create comments without authentications 1`] = `
Object {
  "associationType": "case",
  "comment": "Wow, good luck catching that bad meanie!",
  "created_at": "2019-11-25T21:54:48.952Z",
  "created_by": Object {
    "email": null,
    "full_name": null,
    "username": null,
  },
  "id": "mock-comment",
  "pushed_at": null,
  "pushed_by": null,
  "type": "user",
  "updated_at": null,
  "updated_by": null,
  "version": "WzksMV0=",
}
`;
